 Default is to use a total of   4 processors:
                                4 via shared-memory
                                1 via Linda
 Entering Link 1 = D:\study\G16W\l1.exe PID=      9816.
  
 Copyright (c) 1988,1990,1992,1993,1995,1998,2003,2009,2016,
            Gaussian, Inc.  All Rights Reserved.
  
 This is part of the Gaussian(R) 16 program.  It is based on
 the Gaussian(R) 09 system (copyright 2009, Gaussian, Inc.),
 the Gaussian(R) 03 system (copyright 2003, Gaussian, Inc.),
 the Gaussian(R) 98 system (copyright 1998, Gaussian, Inc.),
 the Gaussian(R) 94 system (copyright 1995, Gaussian, Inc.),
 the Gaussian 92(TM) system (copyright 1992, Gaussian, Inc.),
 the Gaussian 90(TM) system (copyright 1990, Gaussian, Inc.),
 the Gaussian 88(TM) system (copyright 1988, Gaussian, Inc.),
 the Gaussian 86(TM) system (copyright 1986, Carnegie Mellon
 University), and the Gaussian 82(TM) system (copyright 1983,
 Carnegie Mellon University). Gaussian is a federally registered
 trademark of Gaussian, Inc.
  
 This software contains proprietary and confidential information,
 including trade secrets, belonging to Gaussian, Inc.
  
 This software is provided under written license and may be
 used, copied, transmitted, or stored only in accord with that
 written license.
  
 The following legend is applicable only to US Government
 contracts under FAR:
  
                    RESTRICTED RIGHTS LEGEND
  
 Use, reproduction and disclosure by the US Government is
 subject to restrictions as set forth in subparagraphs (a)
 and (c) of the Commercial Computer Software - Restricted
 Rights clause in FAR 52.227-19.
  
 Gaussian, Inc.
 340 Quinnipiac St., Bldg. 40, Wallingford CT 06492
  
  
 ---------------------------------------------------------------
 Warning -- This program may not be used in any manner that
 competes with the business of Gaussian, Inc. or will provide
 assistance to any competitor of Gaussian, Inc.  The licensee
 of this program is prohibited from giving any competitor of
 Gaussian, Inc. access to this program.  By using this program,
 the user acknowledges that Gaussian, Inc. is engaged in the
 business of creating and licensing software in the field of
 computational chemistry and represents and warrants to the
 licensee that it is not a competitor of Gaussian, Inc. and that
 it will not use this program in any manner prohibited above.
 ---------------------------------------------------------------
  

 Cite this work as:
 Gaussian 16, Revision A.03,
 M. J. Frisch, G. W. Trucks, H. B. Schlegel, G. E. Scuseria, 
 M. A. Robb, J. R. Cheeseman, G. Scalmani, V. Barone, 
 G. A. Petersson, H. Nakatsuji, X. Li, M. Caricato, A. V. Marenich, 
 J. Bloino, B. G. Janesko, R. Gomperts, B. Mennucci, H. P. Hratchian, 
 J. V. Ortiz, A. F. Izmaylov, J. L. Sonnenberg, D. Williams-Young, 
 F. Ding, F. Lipparini, F. Egidi, J. Goings, B. Peng, A. Petrone, 
 T. Henderson, D. Ranasinghe, V. G. Zakrzewski, J. Gao, N. Rega, 
 G. Zheng, W. Liang, M. Hada, M. Ehara, K. Toyota, R. Fukuda, 
 J. Hasegawa, M. Ishida, T. Nakajima, Y. Honda, O. Kitao, H. Nakai, 
 T. Vreven, K. Throssell, J. A. Montgomery, Jr., J. E. Peralta, 
 F. Ogliaro, M. J. Bearpark, J. J. Heyd, E. N. Brothers, K. N. Kudin, 
 V. N. Staroverov, T. A. Keith, R. Kobayashi, J. Normand, 
 K. Raghavachari, A. P. Rendell, J. C. Burant, S. S. Iyengar, 
 J. Tomasi, M. Cossi, J. M. Millam, M. Klene, C. Adamo, R. Cammi, 
 J. W. Ochterski, R. L. Martin, K. Morokuma, O. Farkas, 
 J. B. Foresman, and D. J. Fox, Gaussian, Inc., Wallingford CT, 2016.
 
 ******************************************
 Gaussian 16:  EM64W-G16RevA.03 17-Dec-2016
                10-May-2020 
 ******************************************
 -----------------
 # B3LYP/tzvp freq
 -----------------
 1/10=4,30=1,38=1/1,3;
 2/12=2,17=6,18=5,40=1/2;
 3/5=19,7=101,11=2,25=1,30=1,71=2,74=-5,140=1/1,2,3;
 4//1;
 5/5=2,38=5,98=1/2;
 8/6=4,10=90,11=11/1;
 11/6=1,8=1,9=11,15=111,16=1/1,2,10;
 10/6=1/2;
 6/7=2,8=2,9=2,10=2,28=1/1;
 7/8=1,10=1,25=1/1,2,3,16;
 1/10=4,30=1/3;
 99//99;
 ----------------
 B3LYP/tzvp opted
 ----------------
 Symbolic Z-matrix:
 Charge =  0 Multiplicity = 1
 C                     0.        0.       -0.52716 
 H                     0.        0.93831  -1.11462 
 O                     0.        0.        0.67402 
 H                     0.       -0.93831  -1.11462 
 

 GradGradGradGradGradGradGradGradGradGradGradGradGradGradGradGradGradGrad
 Berny optimization.
 Initialization pass.
 Trust Radius=3.00D-01 FncErr=1.00D-07 GrdErr=1.00D-07 EigMax=2.50D+02 EigMin=1.00D-04
 Number of steps in this run=      2 maximum allowed number of steps=      2.
 GradGradGradGradGradGradGradGradGradGradGradGradGradGradGradGradGradGrad

                          Input orientation:                          
 ---------------------------------------------------------------------
 Center     Atomic      Atomic             Coordinates (Angstroms)
 Number     Number       Type             X           Y           Z
 ---------------------------------------------------------------------
      1          6           0        0.000000    0.000000   -0.527157
      2          1           0        0.000000    0.938309   -1.114616
      3          8           0        0.000000    0.000000    0.674022
      4          1           0        0.000000   -0.938309   -1.114616
 ---------------------------------------------------------------------
                    Distance matrix (angstroms):
                    1          2          3          4
     1  C    0.000000
     2  H    1.107037   0.000000
     3  O    1.201179   2.019814   0.000000
     4  H    1.107037   1.876617   2.019814   0.000000
 Stoichiometry    CH2O
 Framework group  C2V[C2(CO),SGV(H2)]
 Deg. of freedom     3
 Full point group                 C2V     NOp   4
 Largest Abelian subgroup         C2V     NOp   4
 Largest concise Abelian subgroup C2      NOp   2
                         Standard orientation:                         
 ---------------------------------------------------------------------
 Center     Atomic      Atomic             Coordinates (Angstroms)
 Number     Number       Type             X           Y           Z
 ---------------------------------------------------------------------
      1          6           0        0.000000    0.000000   -0.527157
      2          1           0        0.000000    0.938309   -1.114616
      3          8           0        0.000000    0.000000    0.674022
      4          1           0        0.000000   -0.938309   -1.114616
 ---------------------------------------------------------------------
 Rotational constants (GHZ):         284.7806958          39.0465300          34.3383666
 Standard basis: TZVP (5D, 7F)
 There are    27 symmetry adapted cartesian basis functions of A1  symmetry.
 There are     3 symmetry adapted cartesian basis functions of A2  symmetry.
 There are     9 symmetry adapted cartesian basis functions of B1  symmetry.
 There are    13 symmetry adapted cartesian basis functions of B2  symmetry.
 There are    25 symmetry adapted basis functions of A1  symmetry.
 There are     3 symmetry adapted basis functions of A2  symmetry.
 There are     9 symmetry adapted basis functions of B1  symmetry.
 There are    13 symmetry adapted basis functions of B2  symmetry.
    50 basis functions,    86 primitive gaussians,    52 cartesian basis functions
     8 alpha electrons        8 beta electrons
       nuclear repulsion energy        31.3563263504 Hartrees.
 NAtoms=    4 NActive=    4 NUniq=    3 SFac= 1.78D+00 NAtFMM=   60 NAOKFM=F Big=F
 Integral buffers will be    131072 words long.
 Raffenetti 2 integral format.
 Two-electron integral symmetry is turned on.
 One-electron integrals computed using PRISM.
 NBasis=    50 RedAO= T EigKep=  5.46D-03  NBF=    25     3     9    13
 NBsUse=    50 1.00D-06 EigRej= -1.00D+00 NBFU=    25     3     9    13
 ExpMin= 9.52D-02 ExpMax= 2.70D+04 ExpMxC= 9.22D+02 IAcc=3 IRadAn=         5 AccDes= 0.00D+00
 Harris functional with IExCor=  402 and IRadAn=       5 diagonalized for initial guess.
 HarFok:  IExCor=  402 AccDes= 0.00D+00 IRadAn=         5 IDoV= 1 UseB2=F ITyADJ=14
 ICtDFT=  3500011 ScaDFX=  1.000000  1.000000  1.000000  1.000000
 FoFCou: FMM=F IPFlag=           0 FMFlag=      100000 FMFlg1=           0
         NFxFlg=           0 DoJE=T BraDBF=F KetDBF=T FulRan=T
         wScrn=  0.000000 ICntrl=       500 IOpCl=  0 I1Cent=   200000004 NGrid=           0
         NMat0=    1 NMatS0=      1 NMatT0=    0 NMatD0=    1 NMtDS0=    0 NMtDT0=    0
 Petite list used in FoFCou.
 Initial guess orbital symmetries:
       Occupied  (A1) (A1) (A1) (A1) (B2) (A1) (B1) (B2)
       Virtual   (B1) (A1) (A1) (B2) (B1) (A1) (B2) (A1) (A1) (B2)
                 (A1) (B1) (B2) (A1) (A2) (A1) (B2) (A1) (B1) (B1)
                 (B2) (B2) (A1) (B1) (A2) (A1) (A1) (A1) (B2) (B1)
                 (A1) (B2) (A2) (A1) (A1) (B2) (B1) (A1) (B2) (A1)
                 (A1) (A1)
 The electronic state of the initial guess is 1-A1.
 Keep R1 ints in memory in symmetry-blocked form, NReq=4320362.
 Requested convergence on RMS density matrix=1.00D-08 within 128 cycles.
 Requested convergence on MAX density matrix=1.00D-06.
 Requested convergence on             energy=1.00D-06.
 No special actions if energy rises.
 Integral accuracy reduced to 1.0D-05 until final iterations.
 Initial convergence to 1.0D-05 achieved.  Increase integral accuracy.
 SCF Done:  E(RB3LYP) =  -114.549253830     A.U. after   11 cycles
            NFock= 11  Conv=0.69D-08     -V/T= 2.0043
 DoSCS=F DFT=T ScalE2(SS,OS)=  1.000000  1.000000
 Range of M.O.s used for correlation:     1    50
 NBasis=    50 NAE=     8 NBE=     8 NFC=     0 NFV=     0
 NROrb=     50 NOA=     8 NOB=     8 NVA=    42 NVB=    42
 Symmetrizing basis deriv contribution to polar:
 IMax=3 JMax=2 DiffMx= 0.00D+00
 G2DrvN: will do     5 centers at a time, making    1 passes.
 Calling FoFCou, ICntrl=  3107 FMM=F I1Cent=   0 AccDes= 0.00D+00.
 End of G2Drv F.D. properties file   721 does not exist.
 End of G2Drv F.D. properties file   722 does not exist.
 End of G2Drv F.D. properties file   788 does not exist.
          IDoAtm=1111
          Differentiating once with respect to electric field.
                with respect to dipole field.
          Differentiating once with respect to nuclear coordinates.
 Keep R1 ints in memory in symmetry-blocked form, NReq=4310120.
          There are    12 degrees of freedom in the 1st order CPHF.  IDoFFX=4 NUNeed=    12.
     12 vectors produced by pass  0 Test12= 2.80D-15 8.33D-09 XBig12= 1.84D+01 3.20D+00.
 AX will form    12 AO Fock derivatives at one time.
     12 vectors produced by pass  1 Test12= 2.80D-15 8.33D-09 XBig12= 6.07D+00 9.96D-01.
     12 vectors produced by pass  2 Test12= 2.80D-15 8.33D-09 XBig12= 3.02D-02 6.86D-02.
     12 vectors produced by pass  3 Test12= 2.80D-15 8.33D-09 XBig12= 7.20D-05 3.15D-03.
     12 vectors produced by pass  4 Test12= 2.80D-15 8.33D-09 XBig12= 1.50D-07 1.39D-04.
      8 vectors produced by pass  5 Test12= 2.80D-15 8.33D-09 XBig12= 2.06D-10 4.68D-06.
      1 vectors produced by pass  6 Test12= 2.80D-15 8.33D-09 XBig12= 3.98D-13 1.77D-07.
 InvSVY:  IOpt=1 It=  1 EMax= 2.66D-15
 Solved reduced A of dimension    69 with    12 vectors.
 Isotropic polarizability for W=    0.000000       15.05 Bohr**3.
 End of Minotr F.D. properties file   721 does not exist.
 End of Minotr F.D. properties file   722 does not exist.
 End of Minotr F.D. properties file   788 does not exist.

 **********************************************************************

            Population analysis using the SCF density.

 **********************************************************************

 Orbital symmetries:
       Occupied  (A1) (A1) (A1) (A1) (B2) (A1) (B1) (B2)
       Virtual   (B1) (A1) (A1) (B2) (A1) (B1) (B2) (A1) (A1) (B2)
                 (B1) (A1) (B2) (A1) (A2) (A1) (B2) (A1) (B1) (B1)
                 (B2) (A1) (B2) (B1) (A2) (A1) (A1) (A1) (B2) (B1)
                 (A1) (B2) (A2) (A1) (A1) (B2) (A1) (B1) (B2) (A1)
                 (A1) (A1)
 The electronic state is 1-A1.
 Alpha  occ. eigenvalues --  -19.15134 -10.27783  -1.07481  -0.64360  -0.50631
 Alpha  occ. eigenvalues --   -0.46252  -0.41283  -0.27999
 Alpha virt. eigenvalues --   -0.05992   0.05106   0.10703   0.11118   0.20280
 Alpha virt. eigenvalues --    0.20544   0.25939   0.40445   0.42717   0.43754
 Alpha virt. eigenvalues --    0.50162   0.51715   0.60979   0.72435   1.15544
 Alpha virt. eigenvalues --    1.23970   1.27543   1.27592   1.30449   1.47674
 Alpha virt. eigenvalues --    1.63149   1.69864   1.71332   1.93570   2.07226
 Alpha virt. eigenvalues --    2.07265   2.21559   2.41038   2.43488   2.58883
 Alpha virt. eigenvalues --    2.61927   2.65064   2.68491   2.79007   2.94933
 Alpha virt. eigenvalues --    2.97223   3.16270   3.18014   3.50980   4.14550
 Alpha virt. eigenvalues --   21.88291  43.27830
          Condensed to atoms (all electrons):
               1          2          3          4
     1  C    4.643476   0.351626   0.541654   0.351626
     2  H    0.351626   0.779045  -0.073175  -0.133819
     3  O    0.541654  -0.073175   7.868958  -0.073175
     4  H    0.351626  -0.133819  -0.073175   0.779045
 Mulliken charges:
               1
     1  C    0.111619
     2  H    0.076322
     3  O   -0.264263
     4  H    0.076322
 Sum of Mulliken charges =   0.00000
 Mulliken charges with hydrogens summed into heavy atoms:
               1
     1  C    0.264263
     3  O   -0.264263
 APT charges:
               1
     1  C    0.694822
     2  H   -0.060637
     3  O   -0.573549
     4  H   -0.060637
 Sum of APT charges =   0.00000
 APT charges with hydrogens summed into heavy atoms:
               1
     1  C    0.573549
     3  O   -0.573549
 Electronic spatial extent (au):  <R**2>=             60.6945
 Charge=              0.0000 electrons
 Dipole moment (field-independent basis, Debye):
    X=              0.0000    Y=              0.0000    Z=             -2.3859  Tot=              2.3859
 Quadrupole moment (field-independent basis, Debye-Ang):
   XX=            -11.6695   YY=            -11.7066   ZZ=            -12.4020
   XY=              0.0000   XZ=              0.0000   YZ=              0.0000
 Traceless Quadrupole moment (field-independent basis, Debye-Ang):
   XX=              0.2565   YY=              0.2194   ZZ=             -0.4759
   XY=              0.0000   XZ=              0.0000   YZ=              0.0000
 Octapole moment (field-independent basis, Debye-Ang**2):
  XXX=              0.0000  YYY=              0.0000  ZZZ=              0.6988  XYY=              0.0000
  XXY=              0.0000  XXZ=              0.7431  XZZ=              0.0000  YZZ=              0.0000
  YYZ=             -0.2675  XYZ=              0.0000
 Hexadecapole moment (field-independent basis, Debye-Ang**3):
 XXXX=            -10.3982 YYYY=            -19.1554 ZZZZ=            -46.5128 XXXY=              0.0000
 XXXZ=              0.0000 YYYX=              0.0000 YYYZ=              0.0000 ZZZX=              0.0000
 ZZZY=              0.0000 XXYY=             -5.1865 XXZZ=             -9.4558 YYZZ=            -10.7546
 XXYZ=              0.0000 YYXZ=              0.0000 ZZXY=              0.0000
 N-N= 3.135632635036D+01 E-N=-3.316904744643D+02  KE= 1.140553412117D+02
 Symmetry A1   KE= 1.035944249776D+02
 Symmetry A2   KE= 1.735615770724D-35
 Symmetry B1   KE= 3.685301421242D+00
 Symmetry B2   KE= 6.775614812907D+00
  Exact polarizability:   8.848   0.000  15.266   0.000   0.000  21.039
 Approx polarizability:  11.148   0.000  17.770   0.000   0.000  32.975
 Calling FoFJK, ICntrl=    100127 FMM=F ISym2X=1 I1Cent= 0 IOpClX= 0 NMat=1 NMatS=1 NMatT=0.
 Full mass-weighted force constant matrix:
 Low frequencies ---  -41.5546    0.0008    0.0009    0.0011   15.1962   22.5558
 Low frequencies --- 1210.2236 1273.5286 1544.2957
 Diagonal vibrational polarizability:
        0.0553945       0.6139546       1.2439502
 Harmonic frequencies (cm**-1), IR intensities (KM/Mole), Raman scattering
 activities (A**4/AMU), depolarization ratios for plane and unpolarized
 incident light, reduced masses (AMU), force constants (mDyne/A),
 and normal coordinates:
                      1                      2                      3
                     B1                     B2                     A1
 Frequencies --   1210.2236              1273.5285              1544.2957
 Red. masses --      1.3682                 1.3439                 1.1163
 Frc consts  --      1.1806                 1.2842                 1.5685
 IR Inten    --      3.0148                10.1509                10.4074
  Atom  AN      X      Y      Z        X      Y      Z        X      Y      Z
     1   6    -0.17   0.00   0.00     0.00  -0.15   0.00     0.00   0.00   0.01
     2   1     0.70   0.00   0.00     0.00   0.25   0.65     0.00   0.35   0.61
     3   8     0.04   0.00   0.00     0.00   0.08   0.00     0.00   0.00  -0.08
     4   1     0.70   0.00   0.00     0.00   0.25  -0.65     0.00  -0.35   0.61
                      4                      5                      6
                     A1                     A1                     B2
 Frequencies --   1819.3659              2887.6695              2945.6774
 Red. masses --      7.0231                 1.0430                 1.1205
 Frc consts  --     13.6968                 5.1241                 5.7286
 IR Inten    --    112.7936                64.9132               143.6510
  Atom  AN      X      Y      Z        X      Y      Z        X      Y      Z
     1   6     0.00   0.00   0.57     0.00   0.00   0.06     0.00  -0.10   0.00
     2   1     0.00  -0.44  -0.24     0.00   0.61  -0.35     0.00   0.60  -0.37
     3   8     0.00   0.00  -0.40     0.00   0.00   0.00     0.00   0.00   0.00
     4   1     0.00   0.44  -0.24     0.00  -0.61  -0.35     0.00   0.60   0.37

 -------------------
 - Thermochemistry -
 -------------------
 Temperature   298.150 Kelvin.  Pressure   1.00000 Atm.
 Atom     1 has atomic number  6 and mass  12.00000
 Atom     2 has atomic number  1 and mass   1.00783
 Atom     3 has atomic number  8 and mass  15.99491
 Atom     4 has atomic number  1 and mass   1.00783
 Molecular mass:    30.01056 amu.
 Principal axes and moments of inertia in atomic units:
                           1         2         3
     Eigenvalues --     6.33730  46.22027  52.55757
           X            0.00000   0.00000   1.00000
           Y            0.00000   1.00000   0.00000
           Z            1.00000   0.00000   0.00000
 This molecule is an asymmetric top.
 Rotational symmetry number  2.
 Rotational temperatures (Kelvin)     13.66732     1.87394     1.64798
 Rotational constants (GHZ):         284.78070    39.04653    34.33837
 Zero-point vibrational energy      69866.5 (Joules/Mol)
                                   16.69849 (Kcal/Mol)
 Vibrational temperatures:   1741.24  1832.32  2221.90  2617.66  4154.71
          (Kelvin)           4238.17
 
 Zero-point correction=                           0.026611 (Hartree/Particle)
 Thermal correction to Energy=                    0.029477
 Thermal correction to Enthalpy=                  0.030421
 Thermal correction to Gibbs Free Energy=         0.005611
 Sum of electronic and zero-point Energies=           -114.522643
 Sum of electronic and thermal Energies=              -114.519777
 Sum of electronic and thermal Enthalpies=            -114.518832
 Sum of electronic and thermal Free Energies=         -114.543643
 
                     E (Thermal)             CV                S
                      KCal/Mol        Cal/Mol-Kelvin    Cal/Mol-Kelvin
 Total                   18.497              6.410             52.219
 Electronic               0.000              0.000              0.000
 Translational            0.889              2.981             36.130
 Rotational               0.889              2.981             16.006
 Vibrational             16.720              0.448              0.083
                       Q            Log10(Q)             Ln(Q)
 Total Bot       0.262608D-02         -2.580693         -5.942265
 Total V=0       0.456439D+10          9.659383         22.241551
 Vib (Bot)       0.578683D-12        -12.237560        -28.178022
 Vib (V=0)       0.100581D+01          0.002516          0.005793
 Electronic      0.100000D+01          0.000000          0.000000
 Translational   0.646197D+07          6.810365         15.681445
 Rotational      0.702266D+03          2.846502          6.554312
 ***** Axes restored to original set *****
 -------------------------------------------------------------------
 Center     Atomic                   Forces (Hartrees/Bohr)
 Number     Number              X              Y              Z
 -------------------------------------------------------------------
      1        6           0.000000000    0.000000000    0.000345619
      2        1           0.000000000    0.000121124    0.000016691
      3        8           0.000000000    0.000000000   -0.000379001
      4        1           0.000000000   -0.000121124    0.000016691
 -------------------------------------------------------------------
 Cartesian Forces:  Max     0.000379001 RMS     0.000156257

 GradGradGradGradGradGradGradGradGradGradGradGradGradGradGradGradGradGrad
 Berny optimization.
 Search for a local minimum.
 Step number   1 out of a maximum of    2
 All quantities printed in internal units (Hartrees-Bohrs-Radians)
 Second derivative matrix not updated -- analytic derivatives used.
 The second derivative matrix:
                          X1        Y1        Z1        X2        Y2
           X1           0.17674
           Y1           0.00000   0.57724
           Z1           0.00000   0.00000   0.98553
           X2          -0.05930   0.00000   0.00000   0.01988
           Y2           0.00000  -0.23540   0.07497   0.00000   0.23827
           Z2           0.00000   0.07935  -0.09667   0.00000  -0.10497
           X3          -0.05815   0.00000   0.00000   0.01947   0.00000
           Y3           0.00000  -0.10644   0.00000   0.00000   0.01619
           Z3           0.00000   0.00000  -0.79219   0.00000   0.01846
           X4          -0.05930   0.00000   0.00000   0.01995   0.00000
           Y4           0.00000  -0.23540  -0.07497   0.00000  -0.01906
           Z4           0.00000  -0.07935  -0.09667   0.00000   0.01154
                          Z2        X3        Y3        Z3        X4
           Z2           0.13012
           X3           0.00000   0.01921
           Y3           0.03716   0.00000   0.07406
           Z3          -0.04312   0.00000   0.00000   0.87844
           X4           0.00000   0.01947   0.00000   0.00000   0.01988
           Y4          -0.01154   0.00000   0.01619  -0.01846   0.00000
           Z4           0.00967   0.00000  -0.03716  -0.04312   0.00000
                          Y4        Z4
           Y4           0.23827
           Z4           0.10497   0.13012
 ITU=  0
     Eigenvalues ---    0.12359   0.14692   0.19662   0.35932   0.71985
     Eigenvalues ---    1.72765
 Angle between quadratic step and forces=  59.46 degrees.
 ClnCor:  largest displacement from symmetrization is 4.53D-13 for atom     4.
 Linear search not attempted -- first point.
 ClnCor:  largest displacement from symmetrization is 3.94D-30 for atom     3.
 B after Tr=     0.000000    0.000000   -0.000155
         Rot=    1.000000    0.000000    0.000000    0.000000 Ang=   0.00 deg.
 Variable       Old X    -DE/DX   Delta X   Delta X   Delta X     New X
                                 (Linear)    (Quad)   (Total)
    X1        0.00000   0.00000   0.00000   0.00000   0.00000   0.00000
    Y1        0.00000   0.00000   0.00000   0.00000   0.00000   0.00000
    Z1       -0.99618   0.00035   0.00000   0.00004  -0.00011  -0.99629
    X2        0.00000   0.00000   0.00000   0.00000   0.00000   0.00000
    Y2        1.77315   0.00012   0.00000   0.00066   0.00066   1.77380
    Z2       -2.10632   0.00002   0.00000   0.00047   0.00032  -2.10600
    X3        0.00000   0.00000   0.00000   0.00000   0.00000   0.00000
    Y3        0.00000   0.00000   0.00000   0.00000   0.00000   0.00000
    Z3        1.27372  -0.00038   0.00000  -0.00037  -0.00053   1.27319
    X4        0.00000   0.00000   0.00000   0.00000   0.00000   0.00000
    Y4       -1.77315  -0.00012   0.00000  -0.00066  -0.00066  -1.77380
    Z4       -2.10632   0.00002   0.00000   0.00047   0.00032  -2.10600
         Item               Value     Threshold  Converged?
 Maximum Force            0.000379     0.000450     YES
 RMS     Force            0.000156     0.000300     YES
 Maximum Displacement     0.000657     0.001800     YES
 RMS     Displacement     0.000336     0.001200     YES
 Predicted change in Energy=-1.656977D-07
 Optimization completed.
    -- Stationary point found.
 GradGradGradGradGradGradGradGradGradGradGradGradGradGradGradGradGradGrad


 ----------------------------------------------------------------------

 Electric dipole moment (input orientation):
 (Debye = 10**-18 statcoulomb cm , SI units = C m)
                  (au)            (Debye)         (10**-30 SI)
   Tot        0.938670D+00      0.238586D+01      0.795837D+01
   x          0.000000D+00      0.000000D+00      0.000000D+00
   y          0.000000D+00      0.000000D+00      0.000000D+00
   z         -0.938670D+00     -0.238586D+01     -0.795837D+01

 Dipole polarizability, Alpha (input orientation).
 (esu units = cm**3 , SI units = C**2 m**2 J**-1)
 Alpha(0;0):
               (au)            (10**-24 esu)      (10**-40 SI)
   iso        0.150507D+02      0.223028D+01      0.248153D+01
   aniso      0.105628D+02      0.156524D+01      0.174157D+01
   xx         0.884760D+01      0.131108D+01      0.145877D+01
   yx         0.000000D+00      0.000000D+00      0.000000D+00
   yy         0.152658D+02      0.226215D+01      0.251698D+01
   zx         0.000000D+00      0.000000D+00      0.000000D+00
   zy         0.000000D+00      0.000000D+00      0.000000D+00
   zz         0.210388D+02      0.311762D+01      0.346882D+01

 ----------------------------------------------------------------------

 Dipole orientation:
     6          0.00000000          0.00000000          0.99618281
     1          0.00000000         -1.77314652          2.10631939
     8          0.00000000          0.00000000         -1.27371696
     1          0.00000000          1.77314652          2.10631939

 Electric dipole moment (dipole orientation):
 (Debye = 10**-18 statcoulomb cm , SI units = C m)
                  (au)            (Debye)         (10**-30 SI)
   Tot        0.938670D+00      0.238586D+01      0.795837D+01
   x          0.000000D+00      0.000000D+00      0.000000D+00
   y          0.000000D+00      0.000000D+00      0.000000D+00
   z          0.938670D+00      0.238586D+01      0.795837D+01

 Dipole polarizability, Alpha (dipole orientation).
 (esu units = cm**3 , SI units = C**2 m**2 J**-1)
 Alpha(0;0):
               (au)            (10**-24 esu)      (10**-40 SI)
   iso        0.150507D+02      0.223028D+01      0.248153D+01
   aniso      0.105628D+02      0.156524D+01      0.174157D+01
   xx         0.884760D+01      0.131108D+01      0.145877D+01
   yx         0.000000D+00      0.000000D+00      0.000000D+00
   yy         0.152658D+02      0.226215D+01      0.251698D+01
   zx         0.000000D+00      0.000000D+00      0.000000D+00
   zy         0.000000D+00      0.000000D+00      0.000000D+00
   zz         0.210388D+02      0.311762D+01      0.346882D+01

 ----------------------------------------------------------------------
 1|1|UNPC-X500|Freq|RB3LYP|TZVP|C1H2O1|SOBEREVA|10-May-2020|0||# B3LYP/
 tzvp freq||B3LYP/tzvp opted||0,1|C,0.,0.,-0.52715724|H,0.,0.93830873,-
 1.11461622|O,0.,0.,0.67402199|H,0.,-0.93830873,-1.11461622||Version=EM
 64W-G16RevA.03|State=1-A1|HF=-114.5492538|RMSD=6.940e-009|RMSF=1.563e-
 004|ZeroPoint=0.0266107|Thermal=0.0294772|Dipole=0.,0.,-0.9386698|Dipo
 leDeriv=0.1773935,0.,0.,0.,0.8404635,0.,0.,0.,1.0666078,0.07929,0.,0.,
 0.,-0.2006768,0.1327843,0.,0.1092653,-0.0605228,-0.3359735,0.,0.,0.,-0
 .4391099,0.,0.,0.,-0.9455622,0.07929,0.,0.,0.,-0.2006768,-0.1327843,0.
 ,-0.1092653,-0.0605228|Polar=8.8475959,0.,15.2657604,0.,0.,21.0387693|
 Quadrupole=0.1907305,0.163122,-0.3538525,0.,0.,0.|PG=C02V [C2(C1O1),SG
 V(H2)]|NImag=0||0.17674091,0.,0.57724048,0.,0.,0.98552707,-0.05929610,
 0.,0.,0.01988021,0.,-0.23540169,0.07497361,0.,0.23826966,0.,0.07934715
 ,-0.09666719,0.,-0.10496997,0.13011782,-0.05814871,0.,0.,0.01946982,0.
 ,0.,0.01920907,0.,-0.10643710,0.,0.,0.01619000,0.03716087,0.,0.0740571
 0,0.,0.,-0.79219269,0.,0.01845832,-0.04312142,0.,0.,0.87843553,-0.0592
 9610,0.,0.,0.01994607,0.,0.,0.01946982,0.,0.,0.01988021,0.,-0.23540169
 ,-0.07497361,0.,-0.01905796,-0.01153805,0.,0.01619000,-0.01845832,0.,0
 .23826966,0.,-0.07934715,-0.09666719,0.,0.01153805,0.00967079,0.,-0.03
 716087,-0.04312142,0.,0.10496997,0.13011782||0.,0.,-0.00034562,0.,-0.0
 0012112,-0.00001669,0.,0.,0.00037900,0.,0.00012112,-0.00001669|||@


 10 WHATSOEVER THY HAND FINDETH TO DO, DO IT WITH THY  
 MIGHT. FOR THERE IS NO WORK, NOR DEVICE, NOR KNOWLEDGE, NOR  
 WISDOM, IN THE GRAVE, WHITHER THOU GOEST.                    
 11 I RETURNED AND SAW UNDER THE SUN, THAT THE RACE IS NOT TO 
 THE SWIFT, NOR THE BATTLE TO THE STRONG, NEITHER YET BREAD TO
 THE WISE, NOR YET RICHES TO MEN OF UNDERSTANDING, NOR YET    
 FAVOR TO MEN OF SKILL. BUT TIME AND CHANCE HAPPEN TO THEM ALL.
 12 FOR MAN ALSO KNOWETH NOT HIS TIME. AS THE FISHES   
 THAT ARE TAKEN IN AN EVIL NET, AND AS THE BIRDS THAT ARE     
 CAUGHT IN THE SNARE. SO ARE THE SONS OF MEN SNARED IN AN EVIL
 TIME, WHEN IT FALLETH SUDDENLY UPON THEM.
                                         ECCLESIASTES 9
 Job cpu time:       0 days  0 hours  0 minutes 10.0 seconds.
 Elapsed time:       0 days  0 hours  0 minutes  8.6 seconds.
 File lengths (MBytes):  RWF=      6 Int=      0 D2E=      0 Chk=      1 Scr=      1
 Normal termination of Gaussian 16 at Sun May 10 11:17:14 2020.
